Archive member included to satisfy reference by file (symbol)

c:/program files (x86)/atmel/avr8-gnu-toolchain-win32_x86/bin/../lib/gcc/avr/5.4.0/avr35\libgcc.a(_mulhi3.o)
                              obj/Joystick.o (__mulhi3)
c:/program files (x86)/atmel/avr8-gnu-toolchain-win32_x86/bin/../lib/gcc/avr/5.4.0/avr35\libgcc.a(_exit.o)
                              c:/program files (x86)/atmel/avr8-gnu-toolchain-win32_x86/bin/../lib/gcc/avr/5.4.0/../../../../avr/lib/avr35/crtatmega16u2.o (exit)
c:/program files (x86)/atmel/avr8-gnu-toolchain-win32_x86/bin/../lib/gcc/avr/5.4.0/avr35\libgcc.a(_copy_data.o)
                              obj/Joystick.o (__do_copy_data)
c:/program files (x86)/atmel/avr8-gnu-toolchain-win32_x86/bin/../lib/gcc/avr/5.4.0/avr35\libgcc.a(_clear_bss.o)
                              obj/Joystick.o (__do_clear_bss)
c:/program files (x86)/atmel/avr8-gnu-toolchain-win32_x86/bin/../lib/gcc/avr/5.4.0/../../../../avr/lib/avr35\libatmega16u2.a(eerd_byte.o)
                              obj/EndpointStream_AVR8.o (eeprom_read_byte)
c:/program files (x86)/atmel/avr8-gnu-toolchain-win32_x86/bin/../lib/gcc/avr/5.4.0/../../../../avr/lib/avr35\libatmega16u2.a(eeupd_byte.o)
                              obj/EndpointStream_AVR8.o (eeprom_update_byte)

Allocating common symbols
Common symbol       size              file

last_report         0x8               obj/Joystick.o
USB_IsInitialized   0x1               obj/USBTask.o
USB_DeviceState     0x1               obj/USBTask.o
USB_Device_ConfigurationNumber
                    0x1               obj/DeviceStandardReq.o
USB_Device_CurrentlySelfPowered
                    0x1               obj/DeviceStandardReq.o
USB_ControlRequest  0x8               obj/USBTask.o
USB_Device_RemoteWakeupEnabled
                    0x1               obj/DeviceStandardReq.o

Discarded input sections

 .data          0x00000000        0x0 c:/program files (x86)/atmel/avr8-gnu-toolchain-win32_x86/bin/../lib/gcc/avr/5.4.0/../../../../avr/lib/avr35/crtatmega16u2.o
 .bss           0x00000000        0x0 c:/program files (x86)/atmel/avr8-gnu-toolchain-win32_x86/bin/../lib/gcc/avr/5.4.0/../../../../avr/lib/avr35/crtatmega16u2.o
 .text          0x00000000        0x0 obj/Joystick.o
 .data          0x00000000        0x0 obj/Joystick.o
 .text          0x00000000        0x0 obj/Descriptors.o
 .data          0x00000000        0x0 obj/Descriptors.o
 .bss           0x00000000        0x0 obj/Descriptors.o
 .text          0x00000000        0x0 obj/HIDParser.o
 .data          0x00000000        0x0 obj/HIDParser.o
 .bss           0x00000000        0x0 obj/HIDParser.o
 .text.USB_ProcessHIDReport
                0x00000000      0x6e2 obj/HIDParser.o
 .text.USB_GetHIDReportItemInfo
                0x00000000       0xbc obj/HIDParser.o
 .text.USB_SetHIDReportItemInfo
                0x00000000       0xc0 obj/HIDParser.o
 .text.USB_GetHIDReportSize
                0x00000000       0x56 obj/HIDParser.o
 .debug_info    0x00000000      0x739 obj/HIDParser.o
 .debug_abbrev  0x00000000      0x21a obj/HIDParser.o
 .debug_loc     0x00000000      0xac1 obj/HIDParser.o
 .debug_aranges
                0x00000000       0x38 obj/HIDParser.o
 .debug_ranges  0x00000000       0xd0 obj/HIDParser.o
 .debug_line    0x00000000      0x59e obj/HIDParser.o
 .debug_str     0x00000000      0x6d5 obj/HIDParser.o
 .comment       0x00000000       0x31 obj/HIDParser.o
 .debug_frame   0x00000000      0x11c obj/HIDParser.o
 .text          0x00000000        0x0 obj/Device_AVR8.o
 .data          0x00000000        0x0 obj/Device_AVR8.o
 .bss           0x00000000        0x0 obj/Device_AVR8.o
 .text.USB_Device_SendRemoteWakeup
                0x00000000       0x2c obj/Device_AVR8.o
 .debug_info    0x00000000       0xd2 obj/Device_AVR8.o
 .debug_abbrev  0x00000000       0x80 obj/Device_AVR8.o
 .debug_aranges
                0x00000000       0x20 obj/Device_AVR8.o
 .debug_ranges  0x00000000       0x10 obj/Device_AVR8.o
 .debug_line    0x00000000      0x137 obj/Device_AVR8.o
 .debug_str     0x00000000      0x211 obj/Device_AVR8.o
 .comment       0x00000000       0x31 obj/Device_AVR8.o
 .debug_frame   0x00000000       0x24 obj/Device_AVR8.o
 .text          0x00000000        0x0 obj/EndpointStream_AVR8.o
 .data          0x00000000        0x0 obj/EndpointStream_AVR8.o
 .bss           0x00000000        0x0 obj/EndpointStream_AVR8.o
 .text.Endpoint_Discard_Stream
                0x00000000       0x6a obj/EndpointStream_AVR8.o
 .text.Endpoint_Null_Stream
                0x00000000       0x6a obj/EndpointStream_AVR8.o
 .text.Endpoint_Write_Stream_BE
                0x00000000       0xa4 obj/EndpointStream_AVR8.o
 .text.Endpoint_Read_Stream_BE
                0x00000000       0xa4 obj/EndpointStream_AVR8.o
 .text.Endpoint_Write_PStream_LE
                0x00000000       0x9e obj/EndpointStream_AVR8.o
 .text.Endpoint_Write_PStream_BE
                0x00000000       0xa6 obj/EndpointStream_AVR8.o
 .text.Endpoint_Write_EStream_LE
                0x00000000       0xa0 obj/EndpointStream_AVR8.o
 .text.Endpoint_Write_EStream_BE
                0x00000000       0xa8 obj/EndpointStream_AVR8.o
 .text.Endpoint_Read_EStream_LE
                0x00000000       0xa0 obj/EndpointStream_AVR8.o
 .text.Endpoint_Read_EStream_BE
                0x00000000       0xa8 obj/EndpointStream_AVR8.o
 .text.Endpoint_Write_Control_Stream_BE
                0x00000000       0xca obj/EndpointStream_AVR8.o
 .text.Endpoint_Read_Control_Stream_LE
                0x00000000       0x78 obj/EndpointStream_AVR8.o
 .text.Endpoint_Read_Control_Stream_BE
                0x00000000       0x7a obj/EndpointStream_AVR8.o
 .text.Endpoint_Write_Control_PStream_BE
                0x00000000       0xc8 obj/EndpointStream_AVR8.o
 .text.Endpoint_Write_Control_EStream_LE
                0x00000000       0xe8 obj/EndpointStream_AVR8.o
 .text.Endpoint_Write_Control_EStream_BE
                0x00000000       0xfa obj/EndpointStream_AVR8.o
 .text.Endpoint_Read_Control_EStream_LE
                0x00000000       0x8c obj/EndpointStream_AVR8.o
 .text.Endpoint_Read_Control_EStream_BE
                0x00000000       0x8a obj/EndpointStream_AVR8.o
 .text          0x00000000        0x0 obj/Endpoint_AVR8.o
 .data          0x00000000        0x0 obj/Endpoint_AVR8.o
 .bss           0x00000000        0x0 obj/Endpoint_AVR8.o
 .text.Endpoint_ConfigureEndpointTable
                0x00000000       0x7c obj/Endpoint_AVR8.o
 .text.Endpoint_ClearEndpoints
                0x00000000       0x28 obj/Endpoint_AVR8.o
 .text          0x00000000        0x0 obj/Host_AVR8.o
 .data          0x00000000        0x0 obj/Host_AVR8.o
 .bss           0x00000000        0x0 obj/Host_AVR8.o
 .debug_info    0x00000000       0x56 obj/Host_AVR8.o
 .debug_abbrev  0x00000000       0x26 obj/Host_AVR8.o
 .debug_aranges
                0x00000000       0x18 obj/Host_AVR8.o
 .debug_line    0x00000000       0x1a obj/Host_AVR8.o
 .debug_str     0x00000000      0x1b0 obj/Host_AVR8.o
 .comment       0x00000000       0x31 obj/Host_AVR8.o
 .text          0x00000000        0x0 obj/PipeStream_AVR8.o
 .data          0x00000000        0x0 obj/PipeStream_AVR8.o
 .bss           0x00000000        0x0 obj/PipeStream_AVR8.o
 .debug_info    0x00000000       0x56 obj/PipeStream_AVR8.o
 .debug_abbrev  0x00000000       0x26 obj/PipeStream_AVR8.o
 .debug_aranges
                0x00000000       0x18 obj/PipeStream_AVR8.o
 .debug_line    0x00000000       0x1a obj/PipeStream_AVR8.o
 .debug_str     0x00000000      0x1b6 obj/PipeStream_AVR8.o
 .comment       0x00000000       0x31 obj/PipeStream_AVR8.o
 .text          0x00000000        0x0 obj/Pipe_AVR8.o
 .data          0x00000000        0x0 obj/Pipe_AVR8.o
 .bss           0x00000000        0x0 obj/Pipe_AVR8.o
 .debug_info    0x00000000       0x56 obj/Pipe_AVR8.o
 .debug_abbrev  0x00000000       0x26 obj/Pipe_AVR8.o
 .debug_aranges
                0x00000000       0x18 obj/Pipe_AVR8.o
 .debug_line    0x00000000       0x1a obj/Pipe_AVR8.o
 .debug_str     0x00000000      0x1b0 obj/Pipe_AVR8.o
 .comment       0x00000000       0x31 obj/Pipe_AVR8.o
 .text          0x00000000        0x0 obj/USBController_AVR8.o
 .data          0x00000000        0x0 obj/USBController_AVR8.o
 .bss           0x00000000        0x0 obj/USBController_AVR8.o
 .text.USB_Disable
                0x00000000       0x2e obj/USBController_AVR8.o
 .text          0x00000000        0x0 obj/USBInterrupt_AVR8.o
 .data          0x00000000        0x0 obj/USBInterrupt_AVR8.o
 .bss           0x00000000        0x0 obj/USBInterrupt_AVR8.o
 .text          0x00000000        0x0 obj/ConfigDescriptors.o
 .data          0x00000000        0x0 obj/ConfigDescriptors.o
 .bss           0x00000000        0x0 obj/ConfigDescriptors.o
 .text.USB_GetNextDescriptor
                0x00000000       0x3c obj/ConfigDescriptors.o
 .text.USB_GetNextDescriptorOfType
                0x00000000       0x38 obj/ConfigDescriptors.o
 .text.USB_GetNextDescriptorOfTypeBefore
                0x00000000       0x46 obj/ConfigDescriptors.o
 .text.USB_GetNextDescriptorOfTypeAfter
                0x00000000       0x3e obj/ConfigDescriptors.o
 .text.USB_GetNextDescriptorComp
                0x00000000       0x66 obj/ConfigDescriptors.o
 .debug_info    0x00000000      0x3d5 obj/ConfigDescriptors.o
 .debug_abbrev  0x00000000      0x185 obj/ConfigDescriptors.o
 .debug_loc     0x00000000      0x59f obj/ConfigDescriptors.o
 .debug_aranges
                0x00000000       0x40 obj/ConfigDescriptors.o
 .debug_ranges  0x00000000       0x30 obj/ConfigDescriptors.o
 .debug_line    0x00000000      0x201 obj/ConfigDescriptors.o
 .debug_str     0x00000000      0x3f9 obj/ConfigDescriptors.o
 .comment       0x00000000       0x31 obj/ConfigDescriptors.o
 .debug_frame   0x00000000       0xfc obj/ConfigDescriptors.o
 .text          0x00000000        0x0 obj/DeviceStandardReq.o
 .data          0x00000000        0x0 obj/DeviceStandardReq.o
 .bss           0x00000000        0x0 obj/DeviceStandardReq.o
 .text          0x00000000        0x0 obj/Events.o
 .data          0x00000000        0x0 obj/Events.o
 .bss           0x00000000        0x0 obj/Events.o
 .text.USB_Event_Stub_2
                0x00000000        0x2 obj/Events.o
 .text.USB_Event_Stub_3
                0x00000000        0x2 obj/Events.o
 .text          0x00000000        0x0 obj/HostStandardReq.o
 .data          0x00000000        0x0 obj/HostStandardReq.o
 .bss           0x00000000        0x0 obj/HostStandardReq.o
 .debug_info    0x00000000       0x56 obj/HostStandardReq.o
 .debug_abbrev  0x00000000       0x26 obj/HostStandardReq.o
 .debug_aranges
                0x00000000       0x18 obj/HostStandardReq.o
 .debug_line    0x00000000       0x1a obj/HostStandardReq.o
 .debug_str     0x00000000      0x1b1 obj/HostStandardReq.o
 .comment       0x00000000       0x31 obj/HostStandardReq.o
 .text          0x00000000        0x0 obj/USBTask.o
 .data          0x00000000        0x0 obj/USBTask.o
 .bss           0x00000000        0x0 obj/USBTask.o
 .text          0x00000000        0x0 c:/program files (x86)/atmel/avr8-gnu-toolchain-win32_x86/bin/../lib/gcc/avr/5.4.0/avr35\libgcc.a(_mulhi3.o)
 .data          0x00000000        0x0 c:/program files (x86)/atmel/avr8-gnu-toolchain-win32_x86/bin/../lib/gcc/avr/5.4.0/avr35\libgcc.a(_mulhi3.o)
 .bss           0x00000000        0x0 c:/program files (x86)/atmel/avr8-gnu-toolchain-win32_x86/bin/../lib/gcc/avr/5.4.0/avr35\libgcc.a(_mulhi3.o)
 .text.libgcc.div
                0x00000000        0x0 c:/program files (x86)/atmel/avr8-gnu-toolchain-win32_x86/bin/../lib/gcc/avr/5.4.0/avr35\libgcc.a(_mulhi3.o)
 .text.libgcc   0x00000000        0x0 c:/program files (x86)/atmel/avr8-gnu-toolchain-win32_x86/bin/../lib/gcc/avr/5.4.0/avr35\libgcc.a(_mulhi3.o)
 .text.libgcc.prologue
                0x00000000        0x0 c:/program files (x86)/atmel/avr8-gnu-toolchain-win32_x86/bin/../lib/gcc/avr/5.4.0/avr35\libgcc.a(_mulhi3.o)
 .text.libgcc.builtins
                0x00000000        0x0 c:/program files (x86)/atmel/avr8-gnu-toolchain-win32_x86/bin/../lib/gcc/avr/5.4.0/avr35\libgcc.a(_mulhi3.o)
 .text.libgcc.fmul
                0x00000000        0x0 c:/program files (x86)/atmel/avr8-gnu-toolchain-win32_x86/bin/../lib/gcc/avr/5.4.0/avr35\libgcc.a(_mulhi3.o)
 .text.libgcc.fixed
                0x00000000        0x0 c:/program files (x86)/atmel/avr8-gnu-toolchain-win32_x86/bin/../lib/gcc/avr/5.4.0/avr35\libgcc.a(_mulhi3.o)
 .text          0x00000000        0x0 c:/program files (x86)/atmel/avr8-gnu-toolchain-win32_x86/bin/../lib/gcc/avr/5.4.0/avr35\libgcc.a(_exit.o)
 .data          0x00000000        0x0 c:/program files (x86)/atmel/avr8-gnu-toolchain-win32_x86/bin/../lib/gcc/avr/5.4.0/avr35\libgcc.a(_exit.o)
 .bss           0x00000000        0x0 c:/program files (x86)/atmel/avr8-gnu-toolchain-win32_x86/bin/../lib/gcc/avr/5.4.0/avr35\libgcc.a(_exit.o)
 .text.libgcc.mul
                0x00000000        0x0 c:/program files (x86)/atmel/avr8-gnu-toolchain-win32_x86/bin/../lib/gcc/avr/5.4.0/avr35\libgcc.a(_exit.o)
 .text.libgcc.div
                0x00000000        0x0 c:/program files (x86)/atmel/avr8-gnu-toolchain-win32_x86/bin/../lib/gcc/avr/5.4.0/avr35\libgcc.a(_exit.o)
 .text.libgcc   0x00000000        0x0 c:/program files (x86)/atmel/avr8-gnu-toolchain-win32_x86/bin/../lib/gcc/avr/5.4.0/avr35\libgcc.a(_exit.o)
 .text.libgcc.prologue
                0x00000000        0x0 c:/program files (x86)/atmel/avr8-gnu-toolchain-win32_x86/bin/../lib/gcc/avr/5.4.0/avr35\libgcc.a(_exit.o)
 .text.libgcc.builtins
                0x00000000        0x0 c:/program files (x86)/atmel/avr8-gnu-toolchain-win32_x86/bin/../lib/gcc/avr/5.4.0/avr35\libgcc.a(_exit.o)
 .text.libgcc.fmul
                0x00000000        0x0 c:/program files (x86)/atmel/avr8-gnu-toolchain-win32_x86/bin/../lib/gcc/avr/5.4.0/avr35\libgcc.a(_exit.o)
 .text.libgcc.fixed
                0x00000000        0x0 c:/program files (x86)/atmel/avr8-gnu-toolchain-win32_x86/bin/../lib/gcc/avr/5.4.0/avr35\libgcc.a(_exit.o)
 .text          0x00000000        0x0 c:/program files (x86)/atmel/avr8-gnu-toolchain-win32_x86/bin/../lib/gcc/avr/5.4.0/avr35\libgcc.a(_copy_data.o)
 .data          0x00000000        0x0 c:/program files (x86)/atmel/avr8-gnu-toolchain-win32_x86/bin/../lib/gcc/avr/5.4.0/avr35\libgcc.a(_copy_data.o)
 .bss           0x00000000        0x0 c:/program files (x86)/atmel/avr8-gnu-toolchain-win32_x86/bin/../lib/gcc/avr/5.4.0/avr35\libgcc.a(_copy_data.o)
 .text.libgcc.mul
                0x00000000        0x0 c:/program files (x86)/atmel/avr8-gnu-toolchain-win32_x86/bin/../lib/gcc/avr/5.4.0/avr35\libgcc.a(_copy_data.o)
 .text.libgcc.div
                0x00000000        0x0 c:/program files (x86)/atmel/avr8-gnu-toolchain-win32_x86/bin/../lib/gcc/avr/5.4.0/avr35\libgcc.a(_copy_data.o)
 .text.libgcc   0x00000000        0x0 c:/program files (x86)/atmel/avr8-gnu-toolchain-win32_x86/bin/../lib/gcc/avr/5.4.0/avr35\libgcc.a(_copy_data.o)
 .text.libgcc.prologue
                0x00000000        0x0 c:/program files (x86)/atmel/avr8-gnu-toolchain-win32_x86/bin/../lib/gcc/avr/5.4.0/avr35\libgcc.a(_copy_data.o)
 .text.libgcc.builtins
                0x00000000        0x0 c:/program files (x86)/atmel/avr8-gnu-toolchain-win32_x86/bin/../lib/gcc/avr/5.4.0/avr35\libgcc.a(_copy_data.o)
 .text.libgcc.fmul
                0x00000000        0x0 c:/program files (x86)/atmel/avr8-gnu-toolchain-win32_x86/bin/../lib/gcc/avr/5.4.0/avr35\libgcc.a(_copy_data.o)
 .text.libgcc.fixed
                0x00000000        0x0 c:/program files (x86)/atmel/avr8-gnu-toolchain-win32_x86/bin/../lib/gcc/avr/5.4.0/avr35\libgcc.a(_copy_data.o)
 .text          0x00000000        0x0 c:/program files (x86)/atmel/avr8-gnu-toolchain-win32_x86/bin/../lib/gcc/avr/5.4.0/avr35\libgcc.a(_clear_bss.o)
 .data          0x00000000        0x0 c:/program files (x86)/atmel/avr8-gnu-toolchain-win32_x86/bin/../lib/gcc/avr/5.4.0/avr35\libgcc.a(_clear_bss.o)
 .bss           0x00000000        0x0 c:/program files (x86)/atmel/avr8-gnu-toolchain-win32_x86/bin/../lib/gcc/avr/5.4.0/avr35\libgcc.a(_clear_bss.o)
 .text.libgcc.mul
                0x00000000        0x0 c:/program files (x86)/atmel/avr8-gnu-toolchain-win32_x86/bin/../lib/gcc/avr/5.4.0/avr35\libgcc.a(_clear_bss.o)
 .text.libgcc.div
                0x00000000        0x0 c:/program files (x86)/atmel/avr8-gnu-toolchain-win32_x86/bin/../lib/gcc/avr/5.4.0/avr35\libgcc.a(_clear_bss.o)
 .text.libgcc   0x00000000        0x0 c:/program files (x86)/atmel/avr8-gnu-toolchain-win32_x86/bin/../lib/gcc/avr/5.4.0/avr35\libgcc.a(_clear_bss.o)
 .text.libgcc.prologue
                0x00000000        0x0 c:/program files (x86)/atmel/avr8-gnu-toolchain-win32_x86/bin/../lib/gcc/avr/5.4.0/avr35\libgcc.a(_clear_bss.o)
 .text.libgcc.builtins
                0x00000000        0x0 c:/program files (x86)/atmel/avr8-gnu-toolchain-win32_x86/bin/../lib/gcc/avr/5.4.0/avr35\libgcc.a(_clear_bss.o)
 .text.libgcc.fmul
                0x00000000        0x0 c:/program files (x86)/atmel/avr8-gnu-toolchain-win32_x86/bin/../lib/gcc/avr/5.4.0/avr35\libgcc.a(_clear_bss.o)
 .text.libgcc.fixed
                0x00000000        0x0 c:/program files (x86)/atmel/avr8-gnu-toolchain-win32_x86/bin/../lib/gcc/avr/5.4.0/avr35\libgcc.a(_clear_bss.o)
 .text          0x00000000        0x0 c:/program files (x86)/atmel/avr8-gnu-toolchain-win32_x86/bin/../lib/gcc/avr/5.4.0/../../../../avr/lib/avr35\libatmega16u2.a(eerd_byte.o)
 .data          0x00000000        0x0 c:/program files (x86)/atmel/avr8-gnu-toolchain-win32_x86/bin/../lib/gcc/avr/5.4.0/../../../../avr/lib/avr35\libatmega16u2.a(eerd_byte.o)
 .bss           0x00000000        0x0 c:/program files (x86)/atmel/avr8-gnu-toolchain-win32_x86/bin/../lib/gcc/avr/5.4.0/../../../../avr/lib/avr35\libatmega16u2.a(eerd_byte.o)
 .text.avr-libc
                0x00000000       0x10 c:/program files (x86)/atmel/avr8-gnu-toolchain-win32_x86/bin/../lib/gcc/avr/5.4.0/../../../../avr/lib/avr35\libatmega16u2.a(eerd_byte.o)
 .text          0x00000000        0x0 c:/program files (x86)/atmel/avr8-gnu-toolchain-win32_x86/bin/../lib/gcc/avr/5.4.0/../../../../avr/lib/avr35\libatmega16u2.a(eeupd_byte.o)
 .data          0x00000000        0x0 c:/program files (x86)/atmel/avr8-gnu-toolchain-win32_x86/bin/../lib/gcc/avr/5.4.0/../../../../avr/lib/avr35\libatmega16u2.a(eeupd_byte.o)
 .bss           0x00000000        0x0 c:/program files (x86)/atmel/avr8-gnu-toolchain-win32_x86/bin/../lib/gcc/avr/5.4.0/../../../../avr/lib/avr35\libatmega16u2.a(eeupd_byte.o)
 .text.avr-libc
                0x00000000       0x24 c:/program files (x86)/atmel/avr8-gnu-toolchain-win32_x86/bin/../lib/gcc/avr/5.4.0/../../../../avr/lib/avr35\libatmega16u2.a(eeupd_byte.o)

Memory Configuration

Name             Origin             Length             Attributes
text             0x00000000         0x00010000         xr
data             0x00800060         0x0000ffa0         rw !x
eeprom           0x00810000         0x00010000         rw !x
fuse             0x00820000         0x00000003         rw !x
lock             0x00830000         0x00000400         rw !x
signature        0x00840000         0x00000400         rw !x
user_signatures  0x00850000         0x00000400         rw !x
*default*        0x00000000         0xffffffff

Linker script and memory map

Address of section .data set to 0x800100
LOAD c:/program files (x86)/atmel/avr8-gnu-toolchain-win32_x86/bin/../lib/gcc/avr/5.4.0/../../../../avr/lib/avr35/crtatmega16u2.o
LOAD obj/Joystick.o
LOAD obj/Descriptors.o
LOAD obj/HIDParser.o
LOAD obj/Device_AVR8.o
LOAD obj/EndpointStream_AVR8.o
LOAD obj/Endpoint_AVR8.o
LOAD obj/Host_AVR8.o
LOAD obj/PipeStream_AVR8.o
LOAD obj/Pipe_AVR8.o
LOAD obj/USBController_AVR8.o
LOAD obj/USBInterrupt_AVR8.o
LOAD obj/ConfigDescriptors.o
LOAD obj/DeviceStandardReq.o
LOAD obj/Events.o
LOAD obj/HostStandardReq.o
LOAD obj/USBTask.o
LOAD c:/program files (x86)/atmel/avr8-gnu-toolchain-win32_x86/bin/../lib/gcc/avr/5.4.0/../../../../avr/lib/avr35\libm.a
START GROUP
LOAD c:/program files (x86)/atmel/avr8-gnu-toolchain-win32_x86/bin/../lib/gcc/avr/5.4.0/avr35\libgcc.a
LOAD c:/program files (x86)/atmel/avr8-gnu-toolchain-win32_x86/bin/../lib/gcc/avr/5.4.0/../../../../avr/lib/avr35\libm.a
LOAD c:/program files (x86)/atmel/avr8-gnu-toolchain-win32_x86/bin/../lib/gcc/avr/5.4.0/../../../../avr/lib/avr35\libc.a
LOAD c:/program files (x86)/atmel/avr8-gnu-toolchain-win32_x86/bin/../lib/gcc/avr/5.4.0/../../../../avr/lib/avr35\libatmega16u2.a
END GROUP
                0x00010000                __TEXT_REGION_LENGTH__ = DEFINED (__TEXT_REGION_LENGTH__)?__TEXT_REGION_LENGTH__:0x10000
                0x0000ffa0                __DATA_REGION_LENGTH__ = DEFINED (__DATA_REGION_LENGTH__)?__DATA_REGION_LENGTH__:0xffa0
                0x00010000                __EEPROM_REGION_LENGTH__ = DEFINED (__EEPROM_REGION_LENGTH__)?__EEPROM_REGION_LENGTH__:0x10000
                [0x00000003]                __FUSE_REGION_LENGTH__ = DEFINED (__FUSE_REGION_LENGTH__)?__FUSE_REGION_LENGTH__:0x400
                0x00000400                __LOCK_REGION_LENGTH__ = DEFINED (__LOCK_REGION_LENGTH__)?__LOCK_REGION_LENGTH__:0x400
                0x00000400                __SIGNATURE_REGION_LENGTH__ = DEFINED (__SIGNATURE_REGION_LENGTH__)?__SIGNATURE_REGION_LENGTH__:0x400
                0x00000400                __USER_SIGNATURE_REGION_LENGTH__ = DEFINED (__USER_SIGNATURE_REGION_LENGTH__)?__USER_SIGNATURE_REGION_LENGTH__:0x400

.hash
 *(.hash)

.dynsym
 *(.dynsym)

.dynstr
 *(.dynstr)

.gnu.version
 *(.gnu.version)

.gnu.version_d
 *(.gnu.version_d)

.gnu.version_r
 *(.gnu.version_r)

.rel.init
 *(.rel.init)

.rela.init
 *(.rela.init)

.rel.text
 *(.rel.text)
 *(.rel.text.*)
 *(.rel.gnu.linkonce.t*)

.rela.text
 *(.rela.text)
 *(.rela.text.*)
 *(.rela.gnu.linkonce.t*)

.rel.fini
 *(.rel.fini)

.rela.fini
 *(.rela.fini)

.rel.rodata
 *(.rel.rodata)
 *(.rel.rodata.*)
 *(.rel.gnu.linkonce.r*)

.rela.rodata
 *(.rela.rodata)
 *(.rela.rodata.*)
 *(.rela.gnu.linkonce.r*)

.rel.data
 *(.rel.data)
 *(.rel.data.*)
 *(.rel.gnu.linkonce.d*)

.rela.data
 *(.rela.data)
 *(.rela.data.*)
 *(.rela.gnu.linkonce.d*)

.rel.ctors
 *(.rel.ctors)

.rela.ctors
 *(.rela.ctors)

.rel.dtors
 *(.rel.dtors)

.rela.dtors
 *(.rela.dtors)

.rel.got
 *(.rel.got)

.rela.got
 *(.rela.got)

.rel.bss
 *(.rel.bss)

.rela.bss
 *(.rela.bss)

.rel.plt
 *(.rel.plt)

.rela.plt
 *(.rela.plt)

.text           0x00000000      0xe00
 *(.vectors)
 .vectors       0x00000000       0x74 c:/program files (x86)/atmel/avr8-gnu-toolchain-win32_x86/bin/../lib/gcc/avr/5.4.0/../../../../avr/lib/avr35/crtatmega16u2.o
                0x00000000                __vector_default
                0x00000000                __vectors
 *(.vectors)
 *(.progmem.gcc*)
                0x00000074                . = ALIGN (0x2)
                0x00000074                __trampolines_start = .
 *(.trampolines)
 .trampolines   0x00000074        0x0 linker stubs
 *(.trampolines*)
                0x00000074                __trampolines_end = .
 *libprintf_flt.a:*(.progmem.data)
 *libc.a:*(.progmem.data)
 *(.progmem*)
 .progmem.data  0x00000074       0xd9 obj/Descriptors.o
                0x00000074                ProductString
                0x0000009a                ManufacturerString
                0x000000b8                LanguageString
                0x000000bc                ConfigurationDescriptor
                0x000000e5                DeviceDescriptor
                0x000000f7                JoystickReport
                0x0000014e                . = ALIGN (0x2)
 *fill*         0x0000014d        0x1 
 *(.jumptables)
 *(.jumptables*)
 *(.lowtext)
 *(.lowtext*)
                0x0000014e                __ctors_start = .
 *(.ctors)
                0x0000014e                __ctors_end = .
                0x0000014e                __dtors_start = .
 *(.dtors)
                0x0000014e                __dtors_end = .
 SORT(*)(.ctors)
 SORT(*)(.dtors)
 *(.init0)
 .init0         0x0000014e        0x0 c:/program files (x86)/atmel/avr8-gnu-toolchain-win32_x86/bin/../lib/gcc/avr/5.4.0/../../../../avr/lib/avr35/crtatmega16u2.o
                0x0000014e                __init
 *(.init0)
 *(.init1)
 *(.init1)
 *(.init2)
 .init2         0x0000014e        0xc c:/program files (x86)/atmel/avr8-gnu-toolchain-win32_x86/bin/../lib/gcc/avr/5.4.0/../../../../avr/lib/avr35/crtatmega16u2.o
 *(.init2)
 *(.init3)
 *(.init3)
 *(.init4)
 .init4         0x0000015a       0x16 c:/program files (x86)/atmel/avr8-gnu-toolchain-win32_x86/bin/../lib/gcc/avr/5.4.0/avr35\libgcc.a(_copy_data.o)
                0x0000015a                __do_copy_data
 .init4         0x00000170       0x10 c:/program files (x86)/atmel/avr8-gnu-toolchain-win32_x86/bin/../lib/gcc/avr/5.4.0/avr35\libgcc.a(_clear_bss.o)
                0x00000170                __do_clear_bss
 *(.init4)
 *(.init5)
 *(.init5)
 *(.init6)
 *(.init6)
 *(.init7)
 *(.init7)
 *(.init8)
 *(.init8)
 *(.init9)
 .init9         0x00000180        0x4 c:/program files (x86)/atmel/avr8-gnu-toolchain-win32_x86/bin/../lib/gcc/avr/5.4.0/../../../../avr/lib/avr35/crtatmega16u2.o
 *(.init9)
 *(.text)
 .text          0x00000184        0x2 c:/program files (x86)/atmel/avr8-gnu-toolchain-win32_x86/bin/../lib/gcc/avr/5.4.0/../../../../avr/lib/avr35/crtatmega16u2.o
                0x00000184                __vector_22
                0x00000184                __vector_28
                0x00000184                __vector_1
                0x00000184                __vector_24
                0x00000184                __vector_12
                0x00000184                __bad_interrupt
                0x00000184                __vector_6
                0x00000184                __vector_3
                0x00000184                __vector_23
                0x00000184                __vector_25
                0x00000184                __vector_13
                0x00000184                __vector_17
                0x00000184                __vector_19
                0x00000184                __vector_7
                0x00000184                __vector_27
                0x00000184                __vector_5
                0x00000184                __vector_4
                0x00000184                __vector_9
                0x00000184                __vector_2
                0x00000184                __vector_21
                0x00000184                __vector_15
                0x00000184                __vector_8
                0x00000184                __vector_26
                0x00000184                __vector_14
                0x00000184                __vector_10
                0x00000184                __vector_16
                0x00000184                __vector_18
                0x00000184                __vector_20
                0x00000186                . = ALIGN (0x2)
 *(.text.*)
 .text.SetupHardware
                0x00000186       0x30 obj/Joystick.o
                0x00000186                SetupHardware
 .text.EVENT_USB_Device_Connect
                0x000001b6        0x2 obj/Joystick.o
                0x000001b6                EVENT_USB_Device_Connect
 .text.EVENT_USB_Device_Disconnect
                0x000001b8        0x2 obj/Joystick.o
                0x000001b8                EVENT_USB_Device_Disconnect
 .text.EVENT_USB_Device_ConfigurationChanged
                0x000001ba       0x10 obj/Joystick.o
                0x000001ba                EVENT_USB_Device_ConfigurationChanged
 .text.EVENT_USB_Device_ControlRequest
                0x000001ca        0x2 obj/Joystick.o
                0x000001ca                EVENT_USB_Device_ControlRequest
 .text.GetNextReport
                0x000001cc      0x276 obj/Joystick.o
                0x000001cc                GetNextReport
 .text.HID_Task
                0x00000442       0x90 obj/Joystick.o
                0x00000442                HID_Task
 .text.startup.main
                0x000004d2        0xa obj/Joystick.o
                0x000004d2                main
 .text.CALLBACK_USB_GetDescriptor
                0x000004dc       0x82 obj/Descriptors.o
                0x000004dc                CALLBACK_USB_GetDescriptor
 .text.Endpoint_Write_Stream_LE
                0x0000055e       0x94 obj/EndpointStream_AVR8.o
                0x0000055e                Endpoint_Write_Stream_LE
 .text.Endpoint_Read_Stream_LE
                0x000005f2       0x94 obj/EndpointStream_AVR8.o
                0x000005f2                Endpoint_Read_Stream_LE
 .text.Endpoint_Write_Control_Stream_LE
                0x00000686       0xb8 obj/EndpointStream_AVR8.o
                0x00000686                Endpoint_Write_Control_Stream_LE
 .text.Endpoint_Write_Control_PStream_LE
                0x0000073e       0xbe obj/EndpointStream_AVR8.o
                0x0000073e                Endpoint_Write_Control_PStream_LE
 .text.Endpoint_ConfigureEndpoint_Prv
                0x000007fc       0x6a obj/Endpoint_AVR8.o
                0x000007fc                Endpoint_ConfigureEndpoint_Prv
 .text.Endpoint_ClearStatusStage
                0x00000866       0x3e obj/Endpoint_AVR8.o
                0x00000866                Endpoint_ClearStatusStage
 .text.Endpoint_WaitUntilReady
                0x000008a4       0x66 obj/Endpoint_AVR8.o
                0x000008a4                Endpoint_WaitUntilReady
 .text.USB_ResetInterface
                0x0000090a       0x72 obj/USBController_AVR8.o
                0x0000090a                USB_ResetInterface
 .text.USB_Init
                0x0000097c       0x12 obj/USBController_AVR8.o
                0x0000097c                USB_Init
 .text.USB_INT_DisableAllInterrupts
                0x0000098e        0x6 obj/USBInterrupt_AVR8.o
                0x0000098e                USB_INT_DisableAllInterrupts
 .text.USB_INT_ClearAllInterrupts
                0x00000994        0x6 obj/USBInterrupt_AVR8.o
                0x00000994                USB_INT_ClearAllInterrupts
 .text.__vector_11
                0x0000099a      0x148 obj/USBInterrupt_AVR8.o
                0x0000099a                __vector_11
 .text.USB_Device_ProcessControlRequest
                0x00000ae2      0x2c2 obj/DeviceStandardReq.o
                0x00000ae2                USB_Device_ProcessControlRequest
 .text.USB_Event_Stub
                0x00000da4        0x2 obj/Events.o
                0x00000da4                USB_Event_Stub
                0x00000da4                EVENT_USB_Device_Suspend
                0x00000da4                EVENT_USB_Device_StartOfFrame
                0x00000da4                EVENT_USB_Device_Reset
                0x00000da4                EVENT_USB_Device_WakeUp
 .text.USB_USBTask
                0x00000da6       0x34 obj/USBTask.o
                0x00000da6                USB_USBTask
 .text.libgcc.mul
                0x00000dda       0x22 c:/program files (x86)/atmel/avr8-gnu-toolchain-win32_x86/bin/../lib/gcc/avr/5.4.0/avr35\libgcc.a(_mulhi3.o)
                0x00000dda                __mulhi3
                0x00000dfc                . = ALIGN (0x2)
 *(.fini9)
 .fini9         0x00000dfc        0x0 c:/program files (x86)/atmel/avr8-gnu-toolchain-win32_x86/bin/../lib/gcc/avr/5.4.0/avr35\libgcc.a(_exit.o)
                0x00000dfc                _exit
                0x00000dfc                exit
 *(.fini9)
 *(.fini8)
 *(.fini8)
 *(.fini7)
 *(.fini7)
 *(.fini6)
 *(.fini6)
 *(.fini5)
 *(.fini5)
 *(.fini4)
 *(.fini4)
 *(.fini3)
 *(.fini3)
 *(.fini2)
 *(.fini2)
 *(.fini1)
 *(.fini1)
 *(.fini0)
 .fini0         0x00000dfc        0x4 c:/program files (x86)/atmel/avr8-gnu-toolchain-win32_x86/bin/../lib/gcc/avr/5.4.0/avr35\libgcc.a(_exit.o)
 *(.fini0)
                0x00000e00                _etext = .

.data           0x00800100       0x1c load address 0x00000e00
                0x00800100                PROVIDE (__data_start, .)
 *(.data)
 *(.data*)
 *(.gnu.linkonce.d*)
 *(.rodata)
 .rodata        0x00800100       0x1b obj/Joystick.o
 *(.rodata*)
 *(.gnu.linkonce.r*)
                0x0080011c                . = ALIGN (0x2)
 *fill*         0x0080011b        0x1 
                0x0080011c                _edata = .
                0x0080011c                PROVIDE (__data_end, .)

.bss            0x0080011c       0x24
                0x0080011c                PROVIDE (__bss_start, .)
 *(.bss)
 .bss           0x0080011c        0xf obj/Joystick.o
                0x0080011c                portsval
                0x0080011e                duration_count
                0x00800120                bufindex
                0x00800122                ypos
                0x00800124                xpos
                0x00800126                report_count
                0x00800128                echoes
                0x0080012a                state
 *(.bss*)
 *(COMMON)
 COMMON         0x0080012b        0x8 obj/Joystick.o
                0x0080012b                last_report
 COMMON         0x00800133        0x3 obj/DeviceStandardReq.o
                0x00800133                USB_Device_ConfigurationNumber
                0x00800134                USB_Device_CurrentlySelfPowered
                0x00800135                USB_Device_RemoteWakeupEnabled
 COMMON         0x00800136        0xa obj/USBTask.o
                0x00800136                USB_IsInitialized
                0x00800137                USB_DeviceState
                0x00800138                USB_ControlRequest
                0x00800140                PROVIDE (__bss_end, .)
                0x00000e00                __data_load_start = LOADADDR (.data)
                0x00000e1c                __data_load_end = (__data_load_start + SIZEOF (.data))

.noinit         0x00800140        0x0
                [!provide]                PROVIDE (__noinit_start, .)
 *(.noinit*)
                [!provide]                PROVIDE (__noinit_end, .)
                0x00800140                _end = .
                [!provide]                PROVIDE (__heap_start, .)

.eeprom         0x00810000        0x0
 *(.eeprom*)
                0x00810000                __eeprom_end = .

.fuse
 *(.fuse)
 *(.lfuse)
 *(.hfuse)
 *(.efuse)

.lock
 *(.lock*)

.signature
 *(.signature*)

.user_signatures
 *(.user_signatures*)

.stab
 *(.stab)

.stabstr
 *(.stabstr)

.stab.excl
 *(.stab.excl)

.stab.exclstr
 *(.stab.exclstr)

.stab.index
 *(.stab.index)

.stab.indexstr
 *(.stab.indexstr)

.comment        0x00000000       0x30
 *(.comment)
 .comment       0x00000000       0x30 obj/Joystick.o
                                 0x31 (size before relaxing)
 .comment       0x00000030       0x31 obj/Descriptors.o
 .comment       0x00000030       0x31 obj/EndpointStream_AVR8.o
 .comment       0x00000030       0x31 obj/Endpoint_AVR8.o
 .comment       0x00000030       0x31 obj/USBController_AVR8.o
 .comment       0x00000030       0x31 obj/USBInterrupt_AVR8.o
 .comment       0x00000030       0x31 obj/DeviceStandardReq.o
 .comment       0x00000030       0x31 obj/Events.o
 .comment       0x00000030       0x31 obj/USBTask.o

.note.gnu.avr.deviceinfo
                0x00000000       0x40
 .note.gnu.avr.deviceinfo
                0x00000000       0x40 c:/program files (x86)/atmel/avr8-gnu-toolchain-win32_x86/bin/../lib/gcc/avr/5.4.0/../../../../avr/lib/avr35/crtatmega16u2.o

.note.gnu.build-id
 *(.note.gnu.build-id)

.debug
 *(.debug)

.line
 *(.line)

.debug_srcinfo
 *(.debug_srcinfo)

.debug_sfnames
 *(.debug_sfnames)

.debug_aranges  0x00000000      0x240
 *(.debug_aranges)
 .debug_aranges
                0x00000000       0x48 obj/Joystick.o
 .debug_aranges
                0x00000048       0x20 obj/Descriptors.o
 .debug_aranges
                0x00000068       0xc8 obj/EndpointStream_AVR8.o
 .debug_aranges
                0x00000130       0x40 obj/Endpoint_AVR8.o
 .debug_aranges
                0x00000170       0x30 obj/USBController_AVR8.o
 .debug_aranges
                0x000001a0       0x30 obj/USBInterrupt_AVR8.o
 .debug_aranges
                0x000001d0       0x20 obj/DeviceStandardReq.o
 .debug_aranges
                0x000001f0       0x30 obj/Events.o
 .debug_aranges
                0x00000220       0x20 obj/USBTask.o

.debug_pubnames
 *(.debug_pubnames)

.debug_info     0x00000000     0x4cc6
 *(.debug_info .gnu.linkonce.wi.*)
 .debug_info    0x00000000      0x6ba c:/program files (x86)/atmel/avr8-gnu-toolchain-win32_x86/bin/../lib/gcc/avr/5.4.0/../../../../avr/lib/avr35/crtatmega16u2.o
 .debug_info    0x000006ba      0x8f5 obj/Joystick.o
 .debug_info    0x00000faf      0x702 obj/Descriptors.o
 .debug_info    0x000016b1     0x181d obj/EndpointStream_AVR8.o
 .debug_info    0x00002ece      0x620 obj/Endpoint_AVR8.o
 .debug_info    0x000034ee      0x484 obj/USBController_AVR8.o
 .debug_info    0x00003972      0x5c3 obj/USBInterrupt_AVR8.o
 .debug_info    0x00003f35      0xa41 obj/DeviceStandardReq.o
 .debug_info    0x00004976       0xde obj/Events.o
 .debug_info    0x00004a54      0x272 obj/USBTask.o

.debug_abbrev   0x00000000     0x16dc
 *(.debug_abbrev)
 .debug_abbrev  0x00000000      0x65d c:/program files (x86)/atmel/avr8-gnu-toolchain-win32_x86/bin/../lib/gcc/avr/5.4.0/../../../../avr/lib/avr35/crtatmega16u2.o
 .debug_abbrev  0x0000065d      0x320 obj/Joystick.o
 .debug_abbrev  0x0000097d      0x173 obj/Descriptors.o
 .debug_abbrev  0x00000af0      0x1ea obj/EndpointStream_AVR8.o
 .debug_abbrev  0x00000cda      0x226 obj/Endpoint_AVR8.o
 .debug_abbrev  0x00000f00      0x188 obj/USBController_AVR8.o
 .debug_abbrev  0x00001088      0x1b4 obj/USBInterrupt_AVR8.o
 .debug_abbrev  0x0000123c      0x29c obj/DeviceStandardReq.o
 .debug_abbrev  0x000014d8       0x99 obj/Events.o
 .debug_abbrev  0x00001571      0x16b obj/USBTask.o

.debug_line     0x00000000     0x2dd0
 *(.debug_line .debug_line.* .debug_line_end)
 .debug_line    0x00000000       0x1a c:/program files (x86)/atmel/avr8-gnu-toolchain-win32_x86/bin/../lib/gcc/avr/5.4.0/../../../../avr/lib/avr35/crtatmega16u2.o
 .debug_line    0x0000001a      0x4db obj/Joystick.o
 .debug_line    0x000004f5      0x24d obj/Descriptors.o
 .debug_line    0x00000742     0x145f obj/EndpointStream_AVR8.o
 .debug_line    0x00001ba1      0x49a obj/Endpoint_AVR8.o
 .debug_line    0x0000203b      0x2cc obj/USBController_AVR8.o
 .debug_line    0x00002307      0x3ea obj/USBInterrupt_AVR8.o
 .debug_line    0x000026f1      0x492 obj/DeviceStandardReq.o
 .debug_line    0x00002b83       0xc5 obj/Events.o
 .debug_line    0x00002c48      0x188 obj/USBTask.o

.debug_frame    0x00000000      0x684
 *(.debug_frame)
 .debug_frame   0x00000000       0xb0 obj/Joystick.o
 .debug_frame   0x000000b0       0x24 obj/Descriptors.o
 .debug_frame   0x000000d4      0x3bc obj/EndpointStream_AVR8.o
 .debug_frame   0x00000490       0x78 obj/Endpoint_AVR8.o
 .debug_frame   0x00000508       0x44 obj/USBController_AVR8.o
 .debug_frame   0x0000054c       0x8c obj/USBInterrupt_AVR8.o
 .debug_frame   0x000005d8       0x3c obj/DeviceStandardReq.o
 .debug_frame   0x00000614       0x44 obj/Events.o
 .debug_frame   0x00000658       0x2c obj/USBTask.o

.debug_str      0x00000000     0x2086
 *(.debug_str)
 .debug_str     0x00000000      0x262 c:/program files (x86)/atmel/avr8-gnu-toolchain-win32_x86/bin/../lib/gcc/avr/5.4.0/../../../../avr/lib/avr35/crtatmega16u2.o
 .debug_str     0x00000262      0x772 obj/Joystick.o
                                0x7f0 (size before relaxing)
 .debug_str     0x000009d4      0x772 obj/Descriptors.o
                                0x937 (size before relaxing)
 .debug_str     0x00001146      0x470 obj/EndpointStream_AVR8.o
                                0x87f (size before relaxing)
 .debug_str     0x000015b6      0x26c obj/Endpoint_AVR8.o
                                0x633 (size before relaxing)
 .debug_str     0x00001822      0x265 obj/USBController_AVR8.o
                                0x549 (size before relaxing)
 .debug_str     0x00001a87      0x109 obj/USBInterrupt_AVR8.o
                                0x4f4 (size before relaxing)
 .debug_str     0x00001b90      0x440 obj/DeviceStandardReq.o
                                0x9c2 (size before relaxing)
 .debug_str     0x00001fd0       0x57 obj/Events.o
                                0x1e1 (size before relaxing)
 .debug_str     0x00002027       0x5f obj/USBTask.o
                                0x398 (size before relaxing)

.debug_loc      0x00000000     0x2cb1
 *(.debug_loc)
 .debug_loc     0x00000000      0x168 obj/Joystick.o
 .debug_loc     0x00000168      0x24b obj/Descriptors.o
 .debug_loc     0x000003b3     0x1f3d obj/EndpointStream_AVR8.o
 .debug_loc     0x000022f0      0x399 obj/Endpoint_AVR8.o
 .debug_loc     0x00002689       0x79 obj/USBController_AVR8.o
 .debug_loc     0x00002702      0x270 obj/USBInterrupt_AVR8.o
 .debug_loc     0x00002972      0x2f6 obj/DeviceStandardReq.o
 .debug_loc     0x00002c68       0x49 obj/USBTask.o

.debug_macinfo
 *(.debug_macinfo)

.debug_weaknames
 *(.debug_weaknames)

.debug_funcnames
 *(.debug_funcnames)

.debug_typenames
 *(.debug_typenames)

.debug_varnames
 *(.debug_varnames)

.debug_pubtypes
 *(.debug_pubtypes)

.debug_ranges   0x00000000      0x368
 *(.debug_ranges)
 .debug_ranges  0x00000000       0x38 obj/Joystick.o
 .debug_ranges  0x00000038       0x28 obj/Descriptors.o
 .debug_ranges  0x00000060      0x1f8 obj/EndpointStream_AVR8.o
 .debug_ranges  0x00000258       0x78 obj/Endpoint_AVR8.o
 .debug_ranges  0x000002d0       0x20 obj/USBController_AVR8.o
 .debug_ranges  0x000002f0       0x20 obj/USBInterrupt_AVR8.o
 .debug_ranges  0x00000310       0x28 obj/DeviceStandardReq.o
 .debug_ranges  0x00000338       0x20 obj/Events.o
 .debug_ranges  0x00000358       0x10 obj/USBTask.o

.debug_macro
 *(.debug_macro)
OUTPUT(Joystick.elf elf32-avr)
LOAD linker stubs

Cross Reference Table

Symbol                                            File
CALLBACK_HIDParser_FilterHIDReportItem            obj/HIDParser.o
CALLBACK_USB_GetDescriptor                        obj/Descriptors.o
                                                  obj/DeviceStandardReq.o
ConfigurationDescriptor                           obj/Descriptors.o
DeviceDescriptor                                  obj/Descriptors.o
EVENT_USB_Device_ConfigurationChanged             obj/Joystick.o
                                                  obj/DeviceStandardReq.o
EVENT_USB_Device_Connect                          obj/Joystick.o
                                                  obj/USBInterrupt_AVR8.o
EVENT_USB_Device_ControlRequest                   obj/Joystick.o
                                                  obj/DeviceStandardReq.o
EVENT_USB_Device_Disconnect                       obj/Joystick.o
                                                  obj/USBInterrupt_AVR8.o
EVENT_USB_Device_Reset                            obj/Events.o
                                                  obj/USBInterrupt_AVR8.o
EVENT_USB_Device_StartOfFrame                     obj/Events.o
                                                  obj/USBInterrupt_AVR8.o
EVENT_USB_Device_Suspend                          obj/Events.o
EVENT_USB_Device_WakeUp                           obj/Events.o
Endpoint_ClearEndpoints                           obj/Endpoint_AVR8.o
Endpoint_ClearStatusStage                         obj/Endpoint_AVR8.o
                                                  obj/DeviceStandardReq.o
Endpoint_ConfigureEndpointTable                   obj/Endpoint_AVR8.o
Endpoint_ConfigureEndpoint_Prv                    obj/Endpoint_AVR8.o
                                                  obj/USBInterrupt_AVR8.o
                                                  obj/USBController_AVR8.o
                                                  obj/Joystick.o
Endpoint_Discard_Stream                           obj/EndpointStream_AVR8.o
Endpoint_Null_Stream                              obj/EndpointStream_AVR8.o
Endpoint_Read_Control_EStream_BE                  obj/EndpointStream_AVR8.o
Endpoint_Read_Control_EStream_LE                  obj/EndpointStream_AVR8.o
Endpoint_Read_Control_Stream_BE                   obj/EndpointStream_AVR8.o
Endpoint_Read_Control_Stream_LE                   obj/EndpointStream_AVR8.o
Endpoint_Read_EStream_BE                          obj/EndpointStream_AVR8.o
Endpoint_Read_EStream_LE                          obj/EndpointStream_AVR8.o
Endpoint_Read_Stream_BE                           obj/EndpointStream_AVR8.o
Endpoint_Read_Stream_LE                           obj/EndpointStream_AVR8.o
                                                  obj/Joystick.o
Endpoint_WaitUntilReady                           obj/Endpoint_AVR8.o
                                                  obj/EndpointStream_AVR8.o
Endpoint_Write_Control_EStream_BE                 obj/EndpointStream_AVR8.o
Endpoint_Write_Control_EStream_LE                 obj/EndpointStream_AVR8.o
Endpoint_Write_Control_PStream_BE                 obj/EndpointStream_AVR8.o
Endpoint_Write_Control_PStream_LE                 obj/EndpointStream_AVR8.o
                                                  obj/DeviceStandardReq.o
Endpoint_Write_Control_Stream_BE                  obj/EndpointStream_AVR8.o
Endpoint_Write_Control_Stream_LE                  obj/EndpointStream_AVR8.o
                                                  obj/DeviceStandardReq.o
Endpoint_Write_EStream_BE                         obj/EndpointStream_AVR8.o
Endpoint_Write_EStream_LE                         obj/EndpointStream_AVR8.o
Endpoint_Write_PStream_BE                         obj/EndpointStream_AVR8.o
Endpoint_Write_PStream_LE                         obj/EndpointStream_AVR8.o
Endpoint_Write_Stream_BE                          obj/EndpointStream_AVR8.o
Endpoint_Write_Stream_LE                          obj/EndpointStream_AVR8.o
                                                  obj/Joystick.o
GetNextReport                                     obj/Joystick.o
HID_Task                                          obj/Joystick.o
JoystickReport                                    obj/Descriptors.o
LanguageString                                    obj/Descriptors.o
ManufacturerString                                obj/Descriptors.o
ProductString                                     obj/Descriptors.o
SetupHardware                                     obj/Joystick.o
USB_ControlRequest                                obj/USBTask.o
                                                  obj/DeviceStandardReq.o
                                                  obj/Endpoint_AVR8.o
                                                  obj/EndpointStream_AVR8.o
USB_DeviceState                                   obj/USBTask.o
                                                  obj/DeviceStandardReq.o
                                                  obj/USBInterrupt_AVR8.o
                                                  obj/USBController_AVR8.o
                                                  obj/Endpoint_AVR8.o
                                                  obj/EndpointStream_AVR8.o
                                                  obj/Joystick.o
USB_Device_ConfigurationNumber                    obj/DeviceStandardReq.o
                                                  obj/USBInterrupt_AVR8.o
                                                  obj/USBController_AVR8.o
USB_Device_CurrentlySelfPowered                   obj/DeviceStandardReq.o
                                                  obj/USBController_AVR8.o
USB_Device_ProcessControlRequest                  obj/DeviceStandardReq.o
                                                  obj/USBTask.o
USB_Device_RemoteWakeupEnabled                    obj/DeviceStandardReq.o
                                                  obj/USBController_AVR8.o
USB_Device_SendRemoteWakeup                       obj/Device_AVR8.o
USB_Disable                                       obj/USBController_AVR8.o
USB_Event_Stub                                    obj/Events.o
USB_Event_Stub_2                                  obj/Events.o
USB_Event_Stub_3                                  obj/Events.o
USB_GetHIDReportItemInfo                          obj/HIDParser.o
USB_GetHIDReportSize                              obj/HIDParser.o
USB_GetNextDescriptorComp                         obj/ConfigDescriptors.o
USB_GetNextDescriptorOfType                       obj/ConfigDescriptors.o
USB_GetNextDescriptorOfTypeAfter                  obj/ConfigDescriptors.o
USB_GetNextDescriptorOfTypeBefore                 obj/ConfigDescriptors.o
USB_INT_ClearAllInterrupts                        obj/USBInterrupt_AVR8.o
                                                  obj/USBController_AVR8.o
USB_INT_DisableAllInterrupts                      obj/USBInterrupt_AVR8.o
                                                  obj/USBController_AVR8.o
USB_Init                                          obj/USBController_AVR8.o
                                                  obj/Joystick.o
USB_IsInitialized                                 obj/USBTask.o
                                                  obj/USBController_AVR8.o
USB_ProcessHIDReport                              obj/HIDParser.o
USB_ResetInterface                                obj/USBController_AVR8.o
USB_SetHIDReportItemInfo                          obj/HIDParser.o
USB_USBTask                                       obj/USBTask.o
                                                  obj/EndpointStream_AVR8.o
                                                  obj/Joystick.o
__FUSE_REGION_LENGTH__                            c:/program files (x86)/atmel/avr8-gnu-toolchain-win32_x86/bin/../lib/gcc/avr/5.4.0/../../../../avr/lib/avr35/crtatmega16u2.o
__bad_interrupt                                   c:/program files (x86)/atmel/avr8-gnu-toolchain-win32_x86/bin/../lib/gcc/avr/5.4.0/../../../../avr/lib/avr35/crtatmega16u2.o
__bss_end                                         c:/program files (x86)/atmel/avr8-gnu-toolchain-win32_x86/bin/../lib/gcc/avr/5.4.0/avr35\libgcc.a(_clear_bss.o)
__bss_start                                       c:/program files (x86)/atmel/avr8-gnu-toolchain-win32_x86/bin/../lib/gcc/avr/5.4.0/avr35\libgcc.a(_clear_bss.o)
__data_end                                        c:/program files (x86)/atmel/avr8-gnu-toolchain-win32_x86/bin/../lib/gcc/avr/5.4.0/avr35\libgcc.a(_copy_data.o)
__data_load_start                                 c:/program files (x86)/atmel/avr8-gnu-toolchain-win32_x86/bin/../lib/gcc/avr/5.4.0/avr35\libgcc.a(_copy_data.o)
__data_start                                      c:/program files (x86)/atmel/avr8-gnu-toolchain-win32_x86/bin/../lib/gcc/avr/5.4.0/avr35\libgcc.a(_copy_data.o)
__do_clear_bss                                    c:/program files (x86)/atmel/avr8-gnu-toolchain-win32_x86/bin/../lib/gcc/avr/5.4.0/avr35\libgcc.a(_clear_bss.o)
                                                  obj/USBTask.o
                                                  obj/DeviceStandardReq.o
                                                  obj/Joystick.o
__do_copy_data                                    c:/program files (x86)/atmel/avr8-gnu-toolchain-win32_x86/bin/../lib/gcc/avr/5.4.0/avr35\libgcc.a(_copy_data.o)
                                                  obj/Joystick.o
__heap_end                                        c:/program files (x86)/atmel/avr8-gnu-toolchain-win32_x86/bin/../lib/gcc/avr/5.4.0/../../../../avr/lib/avr35/crtatmega16u2.o
__init                                            c:/program files (x86)/atmel/avr8-gnu-toolchain-win32_x86/bin/../lib/gcc/avr/5.4.0/../../../../avr/lib/avr35/crtatmega16u2.o
__mulhi3                                          c:/program files (x86)/atmel/avr8-gnu-toolchain-win32_x86/bin/../lib/gcc/avr/5.4.0/avr35\libgcc.a(_mulhi3.o)
                                                  obj/HIDParser.o
                                                  obj/Joystick.o
__stack                                           c:/program files (x86)/atmel/avr8-gnu-toolchain-win32_x86/bin/../lib/gcc/avr/5.4.0/../../../../avr/lib/avr35/crtatmega16u2.o
__vector_1                                        c:/program files (x86)/atmel/avr8-gnu-toolchain-win32_x86/bin/../lib/gcc/avr/5.4.0/../../../../avr/lib/avr35/crtatmega16u2.o
__vector_10                                       c:/program files (x86)/atmel/avr8-gnu-toolchain-win32_x86/bin/../lib/gcc/avr/5.4.0/../../../../avr/lib/avr35/crtatmega16u2.o
__vector_11                                       obj/USBInterrupt_AVR8.o
                                                  c:/program files (x86)/atmel/avr8-gnu-toolchain-win32_x86/bin/../lib/gcc/avr/5.4.0/../../../../avr/lib/avr35/crtatmega16u2.o
__vector_12                                       c:/program files (x86)/atmel/avr8-gnu-toolchain-win32_x86/bin/../lib/gcc/avr/5.4.0/../../../../avr/lib/avr35/crtatmega16u2.o
__vector_13                                       c:/program files (x86)/atmel/avr8-gnu-toolchain-win32_x86/bin/../lib/gcc/avr/5.4.0/../../../../avr/lib/avr35/crtatmega16u2.o
__vector_14                                       c:/program files (x86)/atmel/avr8-gnu-toolchain-win32_x86/bin/../lib/gcc/avr/5.4.0/../../../../avr/lib/avr35/crtatmega16u2.o
__vector_15                                       c:/program files (x86)/atmel/avr8-gnu-toolchain-win32_x86/bin/../lib/gcc/avr/5.4.0/../../../../avr/lib/avr35/crtatmega16u2.o
__vector_16                                       c:/program files (x86)/atmel/avr8-gnu-toolchain-win32_x86/bin/../lib/gcc/avr/5.4.0/../../../../avr/lib/avr35/crtatmega16u2.o
__vector_17                                       c:/program files (x86)/atmel/avr8-gnu-toolchain-win32_x86/bin/../lib/gcc/avr/5.4.0/../../../../avr/lib/avr35/crtatmega16u2.o
__vector_18                                       c:/program files (x86)/atmel/avr8-gnu-toolchain-win32_x86/bin/../lib/gcc/avr/5.4.0/../../../../avr/lib/avr35/crtatmega16u2.o
__vector_19                                       c:/program files (x86)/atmel/avr8-gnu-toolchain-win32_x86/bin/../lib/gcc/avr/5.4.0/../../../../avr/lib/avr35/crtatmega16u2.o
__vector_2                                        c:/program files (x86)/atmel/avr8-gnu-toolchain-win32_x86/bin/../lib/gcc/avr/5.4.0/../../../../avr/lib/avr35/crtatmega16u2.o
__vector_20                                       c:/program files (x86)/atmel/avr8-gnu-toolchain-win32_x86/bin/../lib/gcc/avr/5.4.0/../../../../avr/lib/avr35/crtatmega16u2.o
__vector_21                                       c:/program files (x86)/atmel/avr8-gnu-toolchain-win32_x86/bin/../lib/gcc/avr/5.4.0/../../../../avr/lib/avr35/crtatmega16u2.o
__vector_22                                       c:/program files (x86)/atmel/avr8-gnu-toolchain-win32_x86/bin/../lib/gcc/avr/5.4.0/../../../../avr/lib/avr35/crtatmega16u2.o
__vector_23                                       c:/program files (x86)/atmel/avr8-gnu-toolchain-win32_x86/bin/../lib/gcc/avr/5.4.0/../../../../avr/lib/avr35/crtatmega16u2.o
__vector_24                                       c:/program files (x86)/atmel/avr8-gnu-toolchain-win32_x86/bin/../lib/gcc/avr/5.4.0/../../../../avr/lib/avr35/crtatmega16u2.o
__vector_25                                       c:/program files (x86)/atmel/avr8-gnu-toolchain-win32_x86/bin/../lib/gcc/avr/5.4.0/../../../../avr/lib/avr35/crtatmega16u2.o
__vector_26                                       c:/program files (x86)/atmel/avr8-gnu-toolchain-win32_x86/bin/../lib/gcc/avr/5.4.0/../../../../avr/lib/avr35/crtatmega16u2.o
__vector_27                                       c:/program files (x86)/atmel/avr8-gnu-toolchain-win32_x86/bin/../lib/gcc/avr/5.4.0/../../../../avr/lib/avr35/crtatmega16u2.o
__vector_28                                       c:/program files (x86)/atmel/avr8-gnu-toolchain-win32_x86/bin/../lib/gcc/avr/5.4.0/../../../../avr/lib/avr35/crtatmega16u2.o
__vector_3                                        c:/program files (x86)/atmel/avr8-gnu-toolchain-win32_x86/bin/../lib/gcc/avr/5.4.0/../../../../avr/lib/avr35/crtatmega16u2.o
__vector_4                                        c:/program files (x86)/atmel/avr8-gnu-toolchain-win32_x86/bin/../lib/gcc/avr/5.4.0/../../../../avr/lib/avr35/crtatmega16u2.o
__vector_5                                        c:/program files (x86)/atmel/avr8-gnu-toolchain-win32_x86/bin/../lib/gcc/avr/5.4.0/../../../../avr/lib/avr35/crtatmega16u2.o
__vector_6                                        c:/program files (x86)/atmel/avr8-gnu-toolchain-win32_x86/bin/../lib/gcc/avr/5.4.0/../../../../avr/lib/avr35/crtatmega16u2.o
__vector_7                                        c:/program files (x86)/atmel/avr8-gnu-toolchain-win32_x86/bin/../lib/gcc/avr/5.4.0/../../../../avr/lib/avr35/crtatmega16u2.o
__vector_8                                        c:/program files (x86)/atmel/avr8-gnu-toolchain-win32_x86/bin/../lib/gcc/avr/5.4.0/../../../../avr/lib/avr35/crtatmega16u2.o
__vector_9                                        c:/program files (x86)/atmel/avr8-gnu-toolchain-win32_x86/bin/../lib/gcc/avr/5.4.0/../../../../avr/lib/avr35/crtatmega16u2.o
__vector_default                                  c:/program files (x86)/atmel/avr8-gnu-toolchain-win32_x86/bin/../lib/gcc/avr/5.4.0/../../../../avr/lib/avr35/crtatmega16u2.o
__vectors                                         c:/program files (x86)/atmel/avr8-gnu-toolchain-win32_x86/bin/../lib/gcc/avr/5.4.0/../../../../avr/lib/avr35/crtatmega16u2.o
_exit                                             c:/program files (x86)/atmel/avr8-gnu-toolchain-win32_x86/bin/../lib/gcc/avr/5.4.0/avr35\libgcc.a(_exit.o)
bufindex                                          obj/Joystick.o
duration_count                                    obj/Joystick.o
echoes                                            obj/Joystick.o
eeprom_read_byte                                  c:/program files (x86)/atmel/avr8-gnu-toolchain-win32_x86/bin/../lib/gcc/avr/5.4.0/../../../../avr/lib/avr35\libatmega16u2.a(eerd_byte.o)
                                                  obj/EndpointStream_AVR8.o
eeprom_update_byte                                c:/program files (x86)/atmel/avr8-gnu-toolchain-win32_x86/bin/../lib/gcc/avr/5.4.0/../../../../avr/lib/avr35\libatmega16u2.a(eeupd_byte.o)
                                                  obj/EndpointStream_AVR8.o
eeprom_update_r18                                 c:/program files (x86)/atmel/avr8-gnu-toolchain-win32_x86/bin/../lib/gcc/avr/5.4.0/../../../../avr/lib/avr35\libatmega16u2.a(eeupd_byte.o)
exit                                              c:/program files (x86)/atmel/avr8-gnu-toolchain-win32_x86/bin/../lib/gcc/avr/5.4.0/avr35\libgcc.a(_exit.o)
                                                  c:/program files (x86)/atmel/avr8-gnu-toolchain-win32_x86/bin/../lib/gcc/avr/5.4.0/../../../../avr/lib/avr35/crtatmega16u2.o
last_report                                       obj/Joystick.o
main                                              obj/Joystick.o
                                                  c:/program files (x86)/atmel/avr8-gnu-toolchain-win32_x86/bin/../lib/gcc/avr/5.4.0/../../../../avr/lib/avr35/crtatmega16u2.o
portsval                                          obj/Joystick.o
report_count                                      obj/Joystick.o
state                                             obj/Joystick.o
xpos                                              obj/Joystick.o
ypos                                              obj/Joystick.o
